// Jest Snapshot v1, https://goo.gl/fbAQLP

exports[`<PopUp renders the UI as expected 1`] = `
<div
  className="pop-up"
>
  <p>
    Test Message
  </p>
</div>
`;
